-- Automatically generated by SQLQueryTestSuite
-- Number of queries: 101


-- !query 0
select 3 * (timestamp'2019-10-15 10:11:12.001002' - date'2019-10-15')
-- !query 0 schema
struct<multiply_interval(subtracttimestamps(TIMESTAMP '2019-10-15 10:11:12.001002', CAST(DATE '2019-10-15' AS TIMESTAMP)), CAST(3 AS DOUBLE)):interval>
-- !query 0 output
30 hours 33 minutes 36.003006 seconds


-- !query 1
select interval 4 month 2 weeks 3 microseconds * 1.5
-- !query 1 schema
struct<multiply_interval(INTERVAL '4 months 14 days 0.000003 seconds', CAST(1.5 AS DOUBLE)):interval>
-- !query 1 output
6 months 21 days 0.000005 seconds


-- !query 2
select (timestamp'2019-10-15' - timestamp'2019-10-14') / 1.5
-- !query 2 schema
struct<divide_interval(subtracttimestamps(TIMESTAMP '2019-10-15 00:00:00', TIMESTAMP '2019-10-14 00:00:00'), CAST(1.5 AS DOUBLE)):interval>
-- !query 2 output
16 hours


-- !query 3
select interval '2 seconds' / 0
-- !query 3 schema
struct<>
-- !query 3 output
java.lang.ArithmeticException
divide by zero


-- !query 4
select interval '2 seconds' / null
-- !query 4 schema
struct<divide_interval(INTERVAL '2 seconds', CAST(NULL AS DOUBLE)):interval>
-- !query 4 output
NULL


-- !query 5
select interval '2 seconds' * null
-- !query 5 schema
struct<multiply_interval(INTERVAL '2 seconds', CAST(NULL AS DOUBLE)):interval>
-- !query 5 output
NULL


-- !query 6
select null * interval '2 seconds'
-- !query 6 schema
struct<multiply_interval(INTERVAL '2 seconds', CAST(NULL AS DOUBLE)):interval>
-- !query 6 output
NULL


-- !query 7
select -interval '-1 month 1 day -1 second'
-- !query 7 schema
struct<(- INTERVAL '-1 months 1 days -1 seconds'):interval>
-- !query 7 output
1 months -1 days 1 seconds


-- !query 8
select -interval -1 month 1 day -1 second
-- !query 8 schema
struct<(- INTERVAL '-1 months 1 days -1 seconds'):interval>
-- !query 8 output
1 months -1 days 1 seconds


-- !query 9
select +interval '-1 month 1 day -1 second'
-- !query 9 schema
struct<(+ INTERVAL '-1 months 1 days -1 seconds'):interval>
-- !query 9 output
-1 months 1 days -1 seconds


-- !query 10
select +interval -1 month 1 day -1 second
-- !query 10 schema
struct<(+ INTERVAL '-1 months 1 days -1 seconds'):interval>
-- !query 10 output
-1 months 1 days -1 seconds


-- !query 11
select make_interval(1)
-- !query 11 schema
struct<make_interval(1, 0, 0, 0, 0, 0, 0.000000):interval>
-- !query 11 output
1 years


-- !query 12
select make_interval(1, 2)
-- !query 12 schema
struct<make_interval(1, 2, 0, 0, 0, 0, 0.000000):interval>
-- !query 12 output
1 years 2 months


-- !query 13
select make_interval(1, 2, 3)
-- !query 13 schema
struct<make_interval(1, 2, 3, 0, 0, 0, 0.000000):interval>
-- !query 13 output
1 years 2 months 21 days


-- !query 14
select make_interval(1, 2, 3, 4)
-- !query 14 schema
struct<make_interval(1, 2, 3, 4, 0, 0, 0.000000):interval>
-- !query 14 output
1 years 2 months 25 days


-- !query 15
select make_interval(1, 2, 3, 4, 5)
-- !query 15 schema
struct<make_interval(1, 2, 3, 4, 5, 0, 0.000000):interval>
-- !query 15 output
1 years 2 months 25 days 5 hours


-- !query 16
select make_interval(1, 2, 3, 4, 5, 6)
-- !query 16 schema
struct<make_interval(1, 2, 3, 4, 5, 6, 0.000000):interval>
-- !query 16 output
1 years 2 months 25 days 5 hours 6 minutes


-- !query 17
select make_interval(1, 2, 3, 4, 5, 6, 7.008009)
-- !query 17 schema
struct<make_interval(1, 2, 3, 4, 5, 6, CAST(7.008009 AS DECIMAL(8,6))):interval>
-- !query 17 output
1 years 2 months 25 days 5 hours 6 minutes 7.008009 seconds


-- !query 18
select cast('1 second' as interval)
-- !query 18 schema
struct<CAST(1 second AS INTERVAL):interval>
-- !query 18 output
1 seconds


-- !query 19
select cast('+1 second' as interval)
-- !query 19 schema
struct<CAST(+1 second AS INTERVAL):interval>
-- !query 19 output
1 seconds


-- !query 20
select cast('-1 second' as interval)
-- !query 20 schema
struct<CAST(-1 second AS INTERVAL):interval>
-- !query 20 output
-1 seconds


-- !query 21
select cast('+     1 second' as interval)
-- !query 21 schema
struct<CAST(+     1 second AS INTERVAL):interval>
-- !query 21 output
1 seconds


-- !query 22
select cast('-     1 second' as interval)
-- !query 22 schema
struct<CAST(-     1 second AS INTERVAL):interval>
-- !query 22 output
-1 seconds


-- !query 23
select cast('- -1 second' as interval)
-- !query 23 schema
struct<CAST(- -1 second AS INTERVAL):interval>
-- !query 23 output
NULL


-- !query 24
select cast('- +1 second' as interval)
-- !query 24 schema
struct<CAST(- +1 second AS INTERVAL):interval>
-- !query 24 output
NULL


-- !query 25
select interval 13.123456789 seconds, interval -13.123456789 second
-- !query 25 schema
struct<INTERVAL '13.123456 seconds':interval,INTERVAL '-13.123456 seconds':interval>
-- !query 25 output
13.123456 seconds	-13.123456 seconds


-- !query 26
select interval 1 year 2 month 3 week 4 day 5 hour 6 minute 7 seconds 8 millisecond 9 microsecond
-- !query 26 schema
struct<INTERVAL '1 years 2 months 25 days 5 hours 6 minutes 7.008009 seconds':interval>
-- !query 26 output
1 years 2 months 25 days 5 hours 6 minutes 7.008009 seconds


-- !query 27
select interval '30' year '25' month '-100' day '40' hour '80' minute '299.889987299' second
-- !query 27 schema
struct<INTERVAL '32 years 1 months -100 days 41 hours 24 minutes 59.889987 seconds':interval>
-- !query 27 output
32 years 1 months -100 days 41 hours 24 minutes 59.889987 seconds


-- !query 28
select interval '0 0:0:0.1' day to second
-- !query 28 schema
struct<INTERVAL '0.1 seconds':interval>
-- !query 28 output
0.1 seconds


-- !query 29
select interval '10-9' year to month
-- !query 29 schema
struct<INTERVAL '10 years 9 months':interval>
-- !query 29 output
10 years 9 months


-- !query 30
select interval '20 15' day to hour
-- !query 30 schema
struct<INTERVAL '20 days 15 hours':interval>
-- !query 30 output
20 days 15 hours


-- !query 31
select interval '20 15:40' day to minute
-- !query 31 schema
struct<INTERVAL '20 days 15 hours 40 minutes':interval>
-- !query 31 output
20 days 15 hours 40 minutes


-- !query 32
select interval '20 15:40:32.99899999' day to second
-- !query 32 schema
struct<INTERVAL '20 days 15 hours 40 minutes 32.998999 seconds':interval>
-- !query 32 output
20 days 15 hours 40 minutes 32.998999 seconds


-- !query 33
select interval '15:40' hour to minute
-- !query 33 schema
struct<INTERVAL '15 hours 40 minutes':interval>
-- !query 33 output
15 hours 40 minutes


-- !query 34
select interval '15:40:32.99899999' hour to second
-- !query 34 schema
struct<INTERVAL '15 hours 40 minutes 32.998999 seconds':interval>
-- !query 34 output
15 hours 40 minutes 32.998999 seconds


-- !query 35
select interval '40:32.99899999' minute to second
-- !query 35 schema
struct<INTERVAL '40 minutes 32.998999 seconds':interval>
-- !query 35 output
40 minutes 32.998999 seconds


-- !query 36
select interval '40:32' minute to second
-- !query 36 schema
struct<INTERVAL '40 minutes 32 seconds':interval>
-- !query 36 output
40 minutes 32 seconds


-- !query 37
select interval 30 day day
-- !query 37 schema
struct<>
-- !query 37 output
org.apache.spark.sql.catalyst.parser.ParseException

no viable alternative at input 'day'(line 1, pos 23)

== SQL ==
select interval 30 day day
-----------------------^^^


-- !query 38
select interval '20 15:40:32.99899999' day to hour
-- !query 38 schema
struct<>
-- !query 38 output
org.apache.spark.sql.catalyst.parser.ParseException

requirement failed: Interval string must match day-time format of '^(?<sign>[+|-])?(?<day>\d+) (?<hour>\d{1,2})$': 20 15:40:32.99899999(line 1, pos 16)

== SQL ==
select interval '20 15:40:32.99899999' day to hour
----------------^^^


-- !query 39
select interval '20 15:40:32.99899999' day to minute
-- !query 39 schema
struct<>
-- !query 39 output
org.apache.spark.sql.catalyst.parser.ParseException

requirement failed: Interval string must match day-time format of '^(?<sign>[+|-])?(?<day>\d+) (?<hour>\d{1,2}):(?<minute>\d{1,2})$': 20 15:40:32.99899999(line 1, pos 16)

== SQL ==
select interval '20 15:40:32.99899999' day to minute
----------------^^^


-- !query 40
select interval '15:40:32.99899999' hour to minute
-- !query 40 schema
struct<>
-- !query 40 output
org.apache.spark.sql.catalyst.parser.ParseException

requirement failed: Interval string must match day-time format of '^(?<sign>[+|-])?(?<hour>\d{1,2}):(?<minute>\d{1,2})$': 15:40:32.99899999(line 1, pos 16)

== SQL ==
select interval '15:40:32.99899999' hour to minute
----------------^^^


-- !query 41
select interval '15:40.99899999' hour to second
-- !query 41 schema
struct<>
-- !query 41 output
org.apache.spark.sql.catalyst.parser.ParseException

requirement failed: Interval string must match day-time format of '^(?<sign>[+|-])?(?<hour>\d{1,2}):(?<minute>\d{1,2}):(?<second>(\d{1,2})(\.(\d{1,9}))?)$': 15:40.99899999(line 1, pos 16)

== SQL ==
select interval '15:40.99899999' hour to second
----------------^^^


-- !query 42
select interval '15:40' hour to second
-- !query 42 schema
struct<>
-- !query 42 output
org.apache.spark.sql.catalyst.parser.ParseException

requirement failed: Interval string must match day-time format of '^(?<sign>[+|-])?(?<hour>\d{1,2}):(?<minute>\d{1,2}):(?<second>(\d{1,2})(\.(\d{1,9}))?)$': 15:40(line 1, pos 16)

== SQL ==
select interval '15:40' hour to second
----------------^^^


-- !query 43
select interval '20 40:32.99899999' minute to second
-- !query 43 schema
struct<>
-- !query 43 output
org.apache.spark.sql.catalyst.parser.ParseException

requirement failed: Interval string must match day-time format of '^(?<sign>[+|-])?(?<minute>\d{1,2}):(?<second>(\d{1,2})(\.(\d{1,9}))?)$': 20 40:32.99899999(line 1, pos 16)

== SQL ==
select interval '20 40:32.99899999' minute to second
----------------^^^


-- !query 44
select interval 10 nanoseconds
-- !query 44 schema
struct<>
-- !query 44 output
org.apache.spark.sql.catalyst.parser.ParseException

Error parsing ' 10 nanoseconds' to interval, invalid unit 'nanoseconds'(line 1, pos 16)

== SQL ==
select interval 10 nanoseconds
----------------^^^


-- !query 45
select map(1, interval 1 day, 2, interval 3 week)
-- !query 45 schema
struct<map(1, INTERVAL '1 days', 2, INTERVAL '21 days'):map<int,interval>>
-- !query 45 output
{1:1 days,2:21 days}


-- !query 46
select interval 'interval 3 year 1 hour'
-- !query 46 schema
struct<INTERVAL '3 years 1 hours':interval>
-- !query 46 output
3 years 1 hours


-- !query 47
select interval '3 year 1 hour'
-- !query 47 schema
struct<INTERVAL '3 years 1 hours':interval>
-- !query 47 output
3 years 1 hours


-- !query 48
select interval
-- !query 48 schema
struct<>
-- !query 48 output
org.apache.spark.sql.catalyst.parser.ParseException

at least one time unit should be given for interval literal(line 1, pos 7)

== SQL ==
select interval
-------^^^


-- !query 49
select interval 1 fake_unit
-- !query 49 schema
struct<>
-- !query 49 output
org.apache.spark.sql.catalyst.parser.ParseException

Error parsing ' 1 fake_unit' to interval, invalid unit 'fake_unit'(line 1, pos 16)

== SQL ==
select interval 1 fake_unit
----------------^^^


-- !query 50
select interval 1 year to month
-- !query 50 schema
struct<>
-- !query 50 output
org.apache.spark.sql.catalyst.parser.ParseException

The value of from-to unit must be a string(line 1, pos 16)

== SQL ==
select interval 1 year to month
----------------^^^


-- !query 51
select interval '1' year to second
-- !query 51 schema
struct<>
-- !query 51 output
org.apache.spark.sql.catalyst.parser.ParseException

Intervals FROM year TO second are not supported.(line 1, pos 16)

== SQL ==
select interval '1' year to second
----------------^^^


-- !query 52
select interval '10-9' year to month '2-1' year to month
-- !query 52 schema
struct<>
-- !query 52 output
org.apache.spark.sql.catalyst.parser.ParseException

Can only have a single from-to unit in the interval literal syntax(line 1, pos 37)

== SQL ==
select interval '10-9' year to month '2-1' year to month
-------------------------------------^^^


-- !query 53
select interval '10-9' year to month '12:11:10' hour to second
-- !query 53 schema
struct<>
-- !query 53 output
org.apache.spark.sql.catalyst.parser.ParseException

Can only have a single from-to unit in the interval literal syntax(line 1, pos 37)

== SQL ==
select interval '10-9' year to month '12:11:10' hour to second
-------------------------------------^^^


-- !query 54
select interval '1 15:11' day to minute '12:11:10' hour to second
-- !query 54 schema
struct<>
-- !query 54 output
org.apache.spark.sql.catalyst.parser.ParseException

Can only have a single from-to unit in the interval literal syntax(line 1, pos 40)

== SQL ==
select interval '1 15:11' day to minute '12:11:10' hour to second
----------------------------------------^^^


-- !query 55
select interval 1 year '2-1' year to month
-- !query 55 schema
struct<>
-- !query 55 output
org.apache.spark.sql.catalyst.parser.ParseException

Can only have a single from-to unit in the interval literal syntax(line 1, pos 23)

== SQL ==
select interval 1 year '2-1' year to month
-----------------------^^^


-- !query 56
select interval 1 year '12:11:10' hour to second
-- !query 56 schema
struct<>
-- !query 56 output
org.apache.spark.sql.catalyst.parser.ParseException

Can only have a single from-to unit in the interval literal syntax(line 1, pos 23)

== SQL ==
select interval 1 year '12:11:10' hour to second
-----------------------^^^


-- !query 57
select interval '10-9' year to month '1' year
-- !query 57 schema
struct<>
-- !query 57 output
org.apache.spark.sql.catalyst.parser.ParseException

Can only have a single from-to unit in the interval literal syntax(line 1, pos 37)

== SQL ==
select interval '10-9' year to month '1' year
-------------------------------------^^^


-- !query 58
select interval '12:11:10' hour to second '1' year
-- !query 58 schema
struct<>
-- !query 58 output
org.apache.spark.sql.catalyst.parser.ParseException

Can only have a single from-to unit in the interval literal syntax(line 1, pos 42)

== SQL ==
select interval '12:11:10' hour to second '1' year
------------------------------------------^^^


-- !query 59
select interval (-30) day
-- !query 59 schema
struct<>
-- !query 59 output
org.apache.spark.sql.catalyst.parser.ParseException

no viable alternative at input 'day'(line 1, pos 22)

== SQL ==
select interval (-30) day
----------------------^^^


-- !query 60
select interval (a + 1) day
-- !query 60 schema
struct<>
-- !query 60 output
org.apache.spark.sql.catalyst.parser.ParseException

no viable alternative at input 'day'(line 1, pos 24)

== SQL ==
select interval (a + 1) day
------------------------^^^


-- !query 61
select interval 30 day day day
-- !query 61 schema
struct<>
-- !query 61 output
org.apache.spark.sql.catalyst.parser.ParseException

no viable alternative at input 'day'(line 1, pos 23)

== SQL ==
select interval 30 day day day
-----------------------^^^


-- !query 62
select sum(cast(null as interval))
-- !query 62 schema
struct<sum(CAST(NULL AS INTERVAL)):interval>
-- !query 62 output
NULL


-- !query 63
select sum(cast(v as interval)) from VALUES ('1 seconds') t(v) where 1=0
-- !query 63 schema
struct<sum(CAST(v AS INTERVAL)):interval>
-- !query 63 output
NULL


-- !query 64
select sum(cast(v as interval)) from VALUES ('1 seconds'), ('2 seconds'), (null) t(v)
-- !query 64 schema
struct<sum(CAST(v AS INTERVAL)):interval>
-- !query 64 output
3 seconds


-- !query 65
select sum(cast(v as interval)) from VALUES ('-1 seconds'), ('2 seconds'), (null) t(v)
-- !query 65 schema
struct<sum(CAST(v AS INTERVAL)):interval>
-- !query 65 output
1 seconds


-- !query 66
select sum(cast(v as interval)) from VALUES ('-1 seconds'), ('-2 seconds'), (null) t(v)
-- !query 66 schema
struct<sum(CAST(v AS INTERVAL)):interval>
-- !query 66 output
-3 seconds


-- !query 67
select sum(cast(v as interval)) from VALUES ('-1 weeks'), ('2 seconds'), (null) t(v)
-- !query 67 schema
struct<sum(CAST(v AS INTERVAL)):interval>
-- !query 67 output
-7 days 2 seconds


-- !query 68
select
    i,
    sum(cast(v as interval))
from VALUES (1, '-1 weeks'), (2, '2 seconds'), (3, null), (1, '5 days') t(i, v)
group by i
-- !query 68 schema
struct<i:int,sum(CAST(v AS INTERVAL)):interval>
-- !query 68 output
1	-2 days
2	2 seconds
3	NULL


-- !query 69
select
    sum(cast(v as interval)) as sv
from VALUES (1, '-1 weeks'), (2, '2 seconds'), (3, null), (1, '5 days') t(i, v)
having sv is not null
-- !query 69 schema
struct<sv:interval>
-- !query 69 output
-2 days 2 seconds


-- !query 70
SELECT
    i,
    sum(cast(v as interval)) OVER (ORDER BY i ROWS BETWEEN CURRENT ROW AND UNBOUNDED FOLLOWING)
FROM VALUES(1, '1 seconds'), (1, '2 seconds'), (2, NULL), (2, NULL) t(i,v)
-- !query 70 schema
struct<i:int,sum(CAST(v AS INTERVAL)) OVER (ORDER BY i ASC NULLS FIRST ROWS BETWEEN CURRENT ROW AND UNBOUNDED FOLLOWING):interval>
-- !query 70 output
1	2 seconds
1	3 seconds
2	NULL
2	NULL


-- !query 71
select avg(cast(v as interval)) from VALUES (null) t(v)
-- !query 71 schema
struct<avg(CAST(v AS INTERVAL)):interval>
-- !query 71 output
NULL


-- !query 72
select avg(cast(v as interval)) from VALUES ('1 seconds'), ('2 seconds'), (null) t(v) where 1=0
-- !query 72 schema
struct<avg(CAST(v AS INTERVAL)):interval>
-- !query 72 output
NULL


-- !query 73
select avg(cast(v as interval)) from VALUES ('1 seconds'), ('2 seconds'), (null) t(v)
-- !query 73 schema
struct<avg(CAST(v AS INTERVAL)):interval>
-- !query 73 output
1.5 seconds


-- !query 74
select avg(cast(v as interval)) from VALUES ('-1 seconds'), ('2 seconds'), (null) t(v)
-- !query 74 schema
struct<avg(CAST(v AS INTERVAL)):interval>
-- !query 74 output
0.5 seconds


-- !query 75
select avg(cast(v as interval)) from VALUES ('-1 seconds'), ('-2 seconds'), (null) t(v)
-- !query 75 schema
struct<avg(CAST(v AS INTERVAL)):interval>
-- !query 75 output
-1.5 seconds


-- !query 76
select avg(cast(v as interval)) from VALUES ('-1 weeks'), ('2 seconds'), (null) t(v)
-- !query 76 schema
struct<avg(CAST(v AS INTERVAL)):interval>
-- !query 76 output
-3 days -11 hours -59 minutes -59 seconds


-- !query 77
select
    i,
    avg(cast(v as interval))
from VALUES (1, '-1 weeks'), (2, '2 seconds'), (3, null), (1, '5 days') t(i, v)
group by i
-- !query 77 schema
struct<i:int,avg(CAST(v AS INTERVAL)):interval>
-- !query 77 output
1	-1 days
2	2 seconds
3	NULL


-- !query 78
select
    avg(cast(v as interval)) as sv
from VALUES (1, '-1 weeks'), (2, '2 seconds'), (3, null), (1, '5 days') t(i, v)
having sv is not null
-- !query 78 schema
struct<sv:interval>
-- !query 78 output
-15 hours -59 minutes -59.333333 seconds


-- !query 79
SELECT
    i,
    avg(cast(v as interval)) OVER (ORDER BY i ROWS BETWEEN CURRENT ROW AND UNBOUNDED FOLLOWING)
FROM VALUES (1,'1 seconds'), (1,'2 seconds'), (2,NULL), (2,NULL) t(i,v)
-- !query 79 schema
struct<i:int,avg(CAST(v AS INTERVAL)) OVER (ORDER BY i ASC NULLS FIRST ROWS BETWEEN CURRENT ROW AND UNBOUNDED FOLLOWING):interval>
-- !query 79 output
1	1.5 seconds
1	2 seconds
2	NULL
2	NULL


-- !query 80
create temporary view interval_arithmetic as
  select CAST(dateval AS date), CAST(tsval AS timestamp) from values
    ('2012-01-01', '2012-01-01')
    as interval_arithmetic(dateval, tsval)
-- !query 80 schema
struct<>
-- !query 80 output



-- !query 81
select
  dateval,
  dateval - interval '2-2' year to month,
  dateval - interval '-2-2' year to month,
  dateval + interval '2-2' year to month,
  dateval + interval '-2-2' year to month,
  - interval '2-2' year to month + dateval,
  interval '2-2' year to month + dateval
from interval_arithmetic
-- !query 81 schema
struct<dateval:date,CAST(CAST(dateval AS TIMESTAMP) - INTERVAL '2 years 2 months' AS DATE):date,CAST(CAST(dateval AS TIMESTAMP) - INTERVAL '-2 years -2 months' AS DATE):date,CAST(CAST(dateval AS TIMESTAMP) + INTERVAL '2 years 2 months' AS DATE):date,CAST(CAST(dateval AS TIMESTAMP) + INTERVAL '-2 years -2 months' AS DATE):date,CAST(CAST(dateval AS TIMESTAMP) + (- INTERVAL '2 years 2 months') AS DATE):date,CAST(CAST(dateval AS TIMESTAMP) + INTERVAL '2 years 2 months' AS DATE):date>
-- !query 81 output
2012-01-01	2009-11-01	2014-03-01	2014-03-01	2009-11-01	2009-11-01	2014-03-01


-- !query 82
select
  tsval,
  tsval - interval '2-2' year to month,
  tsval - interval '-2-2' year to month,
  tsval + interval '2-2' year to month,
  tsval + interval '-2-2' year to month,
  - interval '2-2' year to month + tsval,
  interval '2-2' year to month + tsval
from interval_arithmetic
-- !query 82 schema
struct<tsval:timestamp,CAST(tsval - INTERVAL '2 years 2 months' AS TIMESTAMP):timestamp,CAST(tsval - INTERVAL '-2 years -2 months' AS TIMESTAMP):timestamp,CAST(tsval + INTERVAL '2 years 2 months' AS TIMESTAMP):timestamp,CAST(tsval + INTERVAL '-2 years -2 months' AS TIMESTAMP):timestamp,CAST(tsval + (- INTERVAL '2 years 2 months') AS TIMESTAMP):timestamp,CAST(tsval + INTERVAL '2 years 2 months' AS TIMESTAMP):timestamp>
-- !query 82 output
2012-01-01 00:00:00	2009-11-01 00:00:00	2014-03-01 00:00:00	2014-03-01 00:00:00	2009-11-01 00:00:00	2009-11-01 00:00:00	2014-03-01 00:00:00


-- !query 83
select
  interval '2-2' year to month + interval '3-3' year to month,
  interval '2-2' year to month - interval '3-3' year to month
from interval_arithmetic
-- !query 83 schema
struct<(INTERVAL '2 years 2 months' + INTERVAL '3 years 3 months'):interval,(INTERVAL '2 years 2 months' - INTERVAL '3 years 3 months'):interval>
-- !query 83 output
5 years 5 months	-1 years -1 months


-- !query 84
select
  dateval,
  dateval - interval '99 11:22:33.123456789' day to second,
  dateval - interval '-99 11:22:33.123456789' day to second,
  dateval + interval '99 11:22:33.123456789' day to second,
  dateval + interval '-99 11:22:33.123456789' day to second,
  -interval '99 11:22:33.123456789' day to second + dateval,
  interval '99 11:22:33.123456789' day to second + dateval
from interval_arithmetic
-- !query 84 schema
struct<dateval:date,CAST(CAST(dateval AS TIMESTAMP) - INTERVAL '99 days 11 hours 22 minutes 33.123456 seconds' AS DATE):date,CAST(CAST(dateval AS TIMESTAMP) - INTERVAL '-99 days -11 hours -22 minutes -33.123456 seconds' AS DATE):date,CAST(CAST(dateval AS TIMESTAMP) + INTERVAL '99 days 11 hours 22 minutes 33.123456 seconds' AS DATE):date,CAST(CAST(dateval AS TIMESTAMP) + INTERVAL '-99 days -11 hours -22 minutes -33.123456 seconds' AS DATE):date,CAST(CAST(dateval AS TIMESTAMP) + (- INTERVAL '99 days 11 hours 22 minutes 33.123456 seconds') AS DATE):date,CAST(CAST(dateval AS TIMESTAMP) + INTERVAL '99 days 11 hours 22 minutes 33.123456 seconds' AS DATE):date>
-- !query 84 output
2012-01-01	2011-09-23	2012-04-09	2012-04-09	2011-09-23	2011-09-23	2012-04-09


-- !query 85
select
  tsval,
  tsval - interval '99 11:22:33.123456789' day to second,
  tsval - interval '-99 11:22:33.123456789' day to second,
  tsval + interval '99 11:22:33.123456789' day to second,
  tsval + interval '-99 11:22:33.123456789' day to second,
  -interval '99 11:22:33.123456789' day to second + tsval,
  interval '99 11:22:33.123456789' day to second + tsval
from interval_arithmetic
-- !query 85 schema
struct<tsval:timestamp,CAST(tsval - INTERVAL '99 days 11 hours 22 minutes 33.123456 seconds' AS TIMESTAMP):timestamp,CAST(tsval - INTERVAL '-99 days -11 hours -22 minutes -33.123456 seconds' AS TIMESTAMP):timestamp,CAST(tsval + INTERVAL '99 days 11 hours 22 minutes 33.123456 seconds' AS TIMESTAMP):timestamp,CAST(tsval + INTERVAL '-99 days -11 hours -22 minutes -33.123456 seconds' AS TIMESTAMP):timestamp,CAST(tsval + (- INTERVAL '99 days 11 hours 22 minutes 33.123456 seconds') AS TIMESTAMP):timestamp,CAST(tsval + INTERVAL '99 days 11 hours 22 minutes 33.123456 seconds' AS TIMESTAMP):timestamp>
-- !query 85 output
2012-01-01 00:00:00	2011-09-23 12:37:26.876544	2012-04-09 11:22:33.123456	2012-04-09 11:22:33.123456	2011-09-23 12:37:26.876544	2011-09-23 12:37:26.876544	2012-04-09 11:22:33.123456


-- !query 86
select
  interval '99 11:22:33.123456789' day to second + interval '10 9:8:7.123456789' day to second,
  interval '99 11:22:33.123456789' day to second - interval '10 9:8:7.123456789' day to second
from interval_arithmetic
-- !query 86 schema
struct<(INTERVAL '99 days 11 hours 22 minutes 33.123456 seconds' + INTERVAL '10 days 9 hours 8 minutes 7.123456 seconds'):interval,(INTERVAL '99 days 11 hours 22 minutes 33.123456 seconds' - INTERVAL '10 days 9 hours 8 minutes 7.123456 seconds'):interval>
-- !query 86 output
109 days 20 hours 30 minutes 40.246912 seconds	89 days 2 hours 14 minutes 26 seconds


-- !query 87
select interval '\t interval 1 day'
-- !query 87 schema
struct<INTERVAL '1 days':interval>
-- !query 87 output
1 days


-- !query 88
select interval 'interval \t 1\tday'
-- !query 88 schema
struct<INTERVAL '1 days':interval>
-- !query 88 output
1 days


-- !query 89
select interval 'interval\t1\tday'
-- !query 89 schema
struct<INTERVAL '1 days':interval>
-- !query 89 output
1 days


-- !query 90
select interval '1\t' day
-- !query 90 schema
struct<INTERVAL '1 days':interval>
-- !query 90 output
1 days


-- !query 91
select interval '1 ' day
-- !query 91 schema
struct<INTERVAL '1 days':interval>
-- !query 91 output
1 days


-- !query 92
select -(a) from values (interval '-2147483648 months', interval '2147483647 months') t(a, b)
-- !query 92 schema
struct<>
-- !query 92 output
java.lang.ArithmeticException
integer overflow


-- !query 93
select a - b from values (interval '-2147483648 months', interval '2147483647 months') t(a, b)
-- !query 93 schema
struct<>
-- !query 93 output
java.lang.ArithmeticException
integer overflow


-- !query 94
select b + interval '1 month' from values (interval '-2147483648 months', interval '2147483647 months') t(a, b)
-- !query 94 schema
struct<>
-- !query 94 output
java.lang.ArithmeticException
integer overflow


-- !query 95
select a * 1.1 from values (interval '-2147483648 months', interval '2147483647 months') t(a, b)
-- !query 95 schema
struct<>
-- !query 95 output
java.lang.ArithmeticException
integer overflow


-- !query 96
select a / 0.5 from values (interval '-2147483648 months', interval '2147483647 months') t(a, b)
-- !query 96 schema
struct<>
-- !query 96 output
java.lang.ArithmeticException
integer overflow


-- !query 97
SELECT from_csv('1, 1 day', 'a INT, b interval')
-- !query 97 schema
struct<from_csv(1, 1 day):struct<a:int,b:interval>>
-- !query 97 output
{"a":1,"b":1 days}


-- !query 98
SELECT to_csv(named_struct('a', interval 32 month, 'b', interval 70 minute))
-- !query 98 schema
struct<to_csv(named_struct(a, INTERVAL '2 years 8 months', b, INTERVAL '1 hours 10 minutes')):string>
-- !query 98 output
2 years 8 months,1 hours 10 minutes


-- !query 99
SELECT from_json('{"a":"1 days"}', 'a interval')
-- !query 99 schema
struct<from_json({"a":"1 days"}):struct<a:interval>>
-- !query 99 output
{"a":1 days}


-- !query 100
SELECT to_json(map('a', interval 25 month 100 day 130 minute))
-- !query 100 schema
struct<to_json(map(a, INTERVAL '2 years 1 months 100 days 2 hours 10 minutes')):string>
-- !query 100 output
{"a":"2 years 1 months 100 days 2 hours 10 minutes"}
