-- Automatically generated by SQLQueryTestSuite
-- Number of queries: 88


-- !query 0
select interval '1 day' > interval '23 hour'
-- !query 0 schema
struct<(1 days > 23 hours):boolean>
-- !query 0 output
true


-- !query 1
select interval '-1 day' >= interval '-23 hour'
-- !query 1 schema
struct<(-1 days >= -23 hours):boolean>
-- !query 1 output
false


-- !query 2
select interval '-1 day' > null
-- !query 2 schema
struct<(-1 days > CAST(NULL AS INTERVAL)):boolean>
-- !query 2 output
NULL


-- !query 3
select null > interval '-1 day'
-- !query 3 schema
struct<(CAST(NULL AS INTERVAL) > -1 days):boolean>
-- !query 3 output
NULL


-- !query 4
select interval '1 minutes' < interval '1 hour'
-- !query 4 schema
struct<(1 minutes < 1 hours):boolean>
-- !query 4 output
true


-- !query 5
select interval '-1 day' <= interval '-23 hour'
-- !query 5 schema
struct<(-1 days <= -23 hours):boolean>
-- !query 5 output
true


-- !query 6
select interval '1 year' = interval '360 days'
-- !query 6 schema
struct<(1 years = 360 days):boolean>
-- !query 6 output
true


-- !query 7
select interval '1 year 2 month' = interval '420 days'
-- !query 7 schema
struct<(1 years 2 months = 420 days):boolean>
-- !query 7 output
true


-- !query 8
select interval '1 year' = interval '365 days'
-- !query 8 schema
struct<(1 years = 365 days):boolean>
-- !query 8 output
false


-- !query 9
select interval '1 month' = interval '30 days'
-- !query 9 schema
struct<(1 months = 30 days):boolean>
-- !query 9 output
true


-- !query 10
select interval '1 minutes' = interval '1 hour'
-- !query 10 schema
struct<(1 minutes = 1 hours):boolean>
-- !query 10 output
false


-- !query 11
select interval '1 minutes' = null
-- !query 11 schema
struct<(1 minutes = CAST(NULL AS INTERVAL)):boolean>
-- !query 11 output
NULL


-- !query 12
select null = interval '-1 day'
-- !query 12 schema
struct<(CAST(NULL AS INTERVAL) = -1 days):boolean>
-- !query 12 output
NULL


-- !query 13
select interval '1 minutes' <=> null
-- !query 13 schema
struct<(1 minutes <=> CAST(NULL AS INTERVAL)):boolean>
-- !query 13 output
false


-- !query 14
select null <=> interval '1 minutes'
-- !query 14 schema
struct<(CAST(NULL AS INTERVAL) <=> 1 minutes):boolean>
-- !query 14 output
false


-- !query 15
select INTERVAL '9 years 1 months -1 weeks -4 days -10 hours -46 minutes' > interval '1 minutes'
-- !query 15 schema
struct<(9 years 1 months -11 days -10 hours -46 minutes > 1 minutes):boolean>
-- !query 15 output
true


-- !query 16
select cast(v as interval) i from VALUES ('1 seconds'), ('4 seconds'), ('3 seconds') t(v) order by i
-- !query 16 schema
struct<i:interval>
-- !query 16 output
1 seconds
3 seconds
4 seconds


-- !query 17
select interval '1 month 120 days' > interval '2 month'
-- !query 17 schema
struct<(1 months 120 days > 2 months):boolean>
-- !query 17 output
true


-- !query 18
select interval '1 month 30 days' = interval '2 month'
-- !query 18 schema
struct<(1 months 30 days = 2 months):boolean>
-- !query 18 output
true


-- !query 19
select interval '1 month 29 days 40 hours' > interval '2 month'
-- !query 19 schema
struct<(1 months 29 days 40 hours > 2 months):boolean>
-- !query 19 output
true


-- !query 20
select max(cast(v as interval)) from VALUES ('1 seconds'), ('4 seconds'), ('3 seconds') t(v)
-- !query 20 schema
struct<max(CAST(v AS INTERVAL)):interval>
-- !query 20 output
4 seconds


-- !query 21
select min(cast(v as interval)) from VALUES ('1 seconds'), ('4 seconds'), ('3 seconds') t(v)
-- !query 21 schema
struct<min(CAST(v AS INTERVAL)):interval>
-- !query 21 output
1 seconds


-- !query 22
select 3 * (timestamp'2019-10-15 10:11:12.001002' - date'2019-10-15')
-- !query 22 schema
struct<multiply_interval(subtracttimestamps(TIMESTAMP('2019-10-15 10:11:12.001002'), CAST(DATE '2019-10-15' AS TIMESTAMP)), CAST(3 AS DOUBLE)):interval>
-- !query 22 output
30 hours 33 minutes 36.003006 seconds


-- !query 23
select interval 4 month 2 weeks 3 microseconds * 1.5
-- !query 23 schema
struct<multiply_interval(4 months 14 days 0.000003 seconds, CAST(1.5 AS DOUBLE)):interval>
-- !query 23 output
6 months 21 days 0.000005 seconds


-- !query 24
select (timestamp'2019-10-15' - timestamp'2019-10-14') / 1.5
-- !query 24 schema
struct<divide_interval(subtracttimestamps(TIMESTAMP('2019-10-15 00:00:00'), TIMESTAMP('2019-10-14 00:00:00')), CAST(1.5 AS DOUBLE)):interval>
-- !query 24 output
16 hours


-- !query 25
select interval '2 seconds' / 0
-- !query 25 schema
struct<divide_interval(2 seconds, CAST(0 AS DOUBLE)):interval>
-- !query 25 output
NULL


-- !query 26
select interval '2 seconds' / null
-- !query 26 schema
struct<divide_interval(2 seconds, CAST(NULL AS DOUBLE)):interval>
-- !query 26 output
NULL


-- !query 27
select interval '2 seconds' * null
-- !query 27 schema
struct<multiply_interval(2 seconds, CAST(NULL AS DOUBLE)):interval>
-- !query 27 output
NULL


-- !query 28
select null * interval '2 seconds'
-- !query 28 schema
struct<multiply_interval(2 seconds, CAST(NULL AS DOUBLE)):interval>
-- !query 28 output
NULL


-- !query 29
select -interval '-1 month 1 day -1 second'
-- !query 29 schema
struct<1 months -1 days 1 seconds:interval>
-- !query 29 output
1 months -1 days 1 seconds


-- !query 30
select -interval -1 month 1 day -1 second
-- !query 30 schema
struct<1 months -1 days 1 seconds:interval>
-- !query 30 output
1 months -1 days 1 seconds


-- !query 31
select make_interval(1)
-- !query 31 schema
struct<make_interval(1, 0, 0, 0, 0, 0, 0.000000):interval>
-- !query 31 output
1 years


-- !query 32
select make_interval(1, 2)
-- !query 32 schema
struct<make_interval(1, 2, 0, 0, 0, 0, 0.000000):interval>
-- !query 32 output
1 years 2 months


-- !query 33
select make_interval(1, 2, 3)
-- !query 33 schema
struct<make_interval(1, 2, 3, 0, 0, 0, 0.000000):interval>
-- !query 33 output
1 years 2 months 21 days


-- !query 34
select make_interval(1, 2, 3, 4)
-- !query 34 schema
struct<make_interval(1, 2, 3, 4, 0, 0, 0.000000):interval>
-- !query 34 output
1 years 2 months 25 days


-- !query 35
select make_interval(1, 2, 3, 4, 5)
-- !query 35 schema
struct<make_interval(1, 2, 3, 4, 5, 0, 0.000000):interval>
-- !query 35 output
1 years 2 months 25 days 5 hours


-- !query 36
select make_interval(1, 2, 3, 4, 5, 6)
-- !query 36 schema
struct<make_interval(1, 2, 3, 4, 5, 6, 0.000000):interval>
-- !query 36 output
1 years 2 months 25 days 5 hours 6 minutes


-- !query 37
select make_interval(1, 2, 3, 4, 5, 6, 7.008009)
-- !query 37 schema
struct<make_interval(1, 2, 3, 4, 5, 6, CAST(7.008009 AS DECIMAL(8,6))):interval>
-- !query 37 output
1 years 2 months 25 days 5 hours 6 minutes 7.008009 seconds


-- !query 38
select cast('1 second' as interval)
-- !query 38 schema
struct<CAST(1 second AS INTERVAL):interval>
-- !query 38 output
1 seconds


-- !query 39
select cast('+1 second' as interval)
-- !query 39 schema
struct<CAST(+1 second AS INTERVAL):interval>
-- !query 39 output
1 seconds


-- !query 40
select cast('-1 second' as interval)
-- !query 40 schema
struct<CAST(-1 second AS INTERVAL):interval>
-- !query 40 output
-1 seconds


-- !query 41
select cast('+     1 second' as interval)
-- !query 41 schema
struct<CAST(+     1 second AS INTERVAL):interval>
-- !query 41 output
1 seconds


-- !query 42
select cast('-     1 second' as interval)
-- !query 42 schema
struct<CAST(-     1 second AS INTERVAL):interval>
-- !query 42 output
-1 seconds


-- !query 43
select cast('- -1 second' as interval)
-- !query 43 schema
struct<CAST(- -1 second AS INTERVAL):interval>
-- !query 43 output
NULL


-- !query 44
select cast('- +1 second' as interval)
-- !query 44 schema
struct<CAST(- +1 second AS INTERVAL):interval>
-- !query 44 output
NULL


-- !query 45
select justify_days(cast(null as interval))
-- !query 45 schema
struct<justifyDays(CAST(NULL AS INTERVAL)):interval>
-- !query 45 output
NULL


-- !query 46
select justify_hours(cast(null as interval))
-- !query 46 schema
struct<justifyHours(CAST(NULL AS INTERVAL)):interval>
-- !query 46 output
NULL


-- !query 47
select justify_interval(cast(null as interval))
-- !query 47 schema
struct<justifyInterval(CAST(NULL AS INTERVAL)):interval>
-- !query 47 output
NULL


-- !query 48
select justify_days(interval '1 month 59 day 25 hour')
-- !query 48 schema
struct<justifyDays(1 months 59 days 25 hours):interval>
-- !query 48 output
2 months 29 days 25 hours


-- !query 49
select justify_hours(interval '1 month 59 day 25 hour')
-- !query 49 schema
struct<justifyHours(1 months 59 days 25 hours):interval>
-- !query 49 output
1 months 60 days 1 hours


-- !query 50
select justify_interval(interval '1 month 59 day 25 hour')
-- !query 50 schema
struct<justifyInterval(1 months 59 days 25 hours):interval>
-- !query 50 output
3 months 1 hours


-- !query 51
select justify_days(interval '1 month -59 day 25 hour')
-- !query 51 schema
struct<justifyDays(1 months -59 days 25 hours):interval>
-- !query 51 output
-29 days 25 hours


-- !query 52
select justify_hours(interval '1 month -59 day 25 hour')
-- !query 52 schema
struct<justifyHours(1 months -59 days 25 hours):interval>
-- !query 52 output
1 months -57 days -23 hours


-- !query 53
select justify_interval(interval '1 month -59 day 25 hour')
-- !query 53 schema
struct<justifyInterval(1 months -59 days 25 hours):interval>
-- !query 53 output
-27 days -23 hours


-- !query 54
select justify_days(interval '1 month 59 day -25 hour')
-- !query 54 schema
struct<justifyDays(1 months 59 days -25 hours):interval>
-- !query 54 output
2 months 29 days -25 hours


-- !query 55
select justify_hours(interval '1 month 59 day -25 hour')
-- !query 55 schema
struct<justifyHours(1 months 59 days -25 hours):interval>
-- !query 55 output
1 months 57 days 23 hours


-- !query 56
select justify_interval(interval '1 month 59 day -25 hour')
-- !query 56 schema
struct<justifyInterval(1 months 59 days -25 hours):interval>
-- !query 56 output
2 months 27 days 23 hours


-- !query 57
select interval 13.123456789 seconds, interval -13.123456789 second
-- !query 57 schema
struct<13.123456 seconds:interval,-13.123456 seconds:interval>
-- !query 57 output
13.123456 seconds	-13.123456 seconds


-- !query 58
select interval 1 year 2 month 3 week 4 day 5 hour 6 minute 7 seconds 8 millisecond 9 microsecond
-- !query 58 schema
struct<1 years 2 months 25 days 5 hours 6 minutes 7.008009 seconds:interval>
-- !query 58 output
1 years 2 months 25 days 5 hours 6 minutes 7.008009 seconds


-- !query 59
select interval '30' year '25' month '-100' day '40' hour '80' minute '299.889987299' second
-- !query 59 schema
struct<32 years 1 months -100 days 41 hours 24 minutes 59.889987 seconds:interval>
-- !query 59 output
32 years 1 months -100 days 41 hours 24 minutes 59.889987 seconds


-- !query 60
select interval '0 0:0:0.1' day to second
-- !query 60 schema
struct<0.1 seconds:interval>
-- !query 60 output
0.1 seconds


-- !query 61
select interval '10-9' year to month
-- !query 61 schema
struct<10 years 9 months:interval>
-- !query 61 output
10 years 9 months


-- !query 62
select interval '20 15:40:32.99899999' day to hour
-- !query 62 schema
struct<20 days 15 hours:interval>
-- !query 62 output
20 days 15 hours


-- !query 63
select interval '20 15:40:32.99899999' day to minute
-- !query 63 schema
struct<20 days 15 hours 40 minutes:interval>
-- !query 63 output
20 days 15 hours 40 minutes


-- !query 64
select interval '20 15:40:32.99899999' day to second
-- !query 64 schema
struct<20 days 15 hours 40 minutes 32.998999 seconds:interval>
-- !query 64 output
20 days 15 hours 40 minutes 32.998999 seconds


-- !query 65
select interval '15:40:32.99899999' hour to minute
-- !query 65 schema
struct<15 hours 40 minutes:interval>
-- !query 65 output
15 hours 40 minutes


-- !query 66
select interval '15:40.99899999' hour to second
-- !query 66 schema
struct<15 minutes 40.998999 seconds:interval>
-- !query 66 output
15 minutes 40.998999 seconds


-- !query 67
select interval '15:40' hour to second
-- !query 67 schema
struct<15 hours 40 minutes:interval>
-- !query 67 output
15 hours 40 minutes


-- !query 68
select interval '15:40:32.99899999' hour to second
-- !query 68 schema
struct<15 hours 40 minutes 32.998999 seconds:interval>
-- !query 68 output
15 hours 40 minutes 32.998999 seconds


-- !query 69
select interval '20 40:32.99899999' minute to second
-- !query 69 schema
struct<20 days 40 minutes 32.998999 seconds:interval>
-- !query 69 output
20 days 40 minutes 32.998999 seconds


-- !query 70
select interval '40:32.99899999' minute to second
-- !query 70 schema
struct<40 minutes 32.998999 seconds:interval>
-- !query 70 output
40 minutes 32.998999 seconds


-- !query 71
select interval '40:32' minute to second
-- !query 71 schema
struct<40 minutes 32 seconds:interval>
-- !query 71 output
40 minutes 32 seconds


-- !query 72
select interval 10 nanoseconds
-- !query 72 schema
struct<>
-- !query 72 output
org.apache.spark.sql.catalyst.parser.ParseException

no viable alternative at input '10 nanoseconds'(line 1, pos 19)

== SQL ==
select interval 10 nanoseconds
-------------------^^^


-- !query 73
select map(1, interval 1 day, 2, interval 3 week)
-- !query 73 schema
struct<map(1, 1 days, 2, 21 days):map<int,interval>>
-- !query 73 output
{1:1 days,2:21 days}


-- !query 74
select interval 'interval 3 year 1 hour'
-- !query 74 schema
struct<3 years 1 hours:interval>
-- !query 74 output
3 years 1 hours


-- !query 75
select interval '3 year 1 hour'
-- !query 75 schema
struct<3 years 1 hours:interval>
-- !query 75 output
3 years 1 hours


-- !query 76
select interval
-- !query 76 schema
struct<>
-- !query 76 output
org.apache.spark.sql.catalyst.parser.ParseException

at least one time unit should be given for interval literal(line 1, pos 7)

== SQL ==
select interval
-------^^^


-- !query 77
select interval 1 fake_unit
-- !query 77 schema
struct<>
-- !query 77 output
org.apache.spark.sql.catalyst.parser.ParseException

no viable alternative at input '1 fake_unit'(line 1, pos 18)

== SQL ==
select interval 1 fake_unit
------------------^^^


-- !query 78
select interval 1 year to month
-- !query 78 schema
struct<>
-- !query 78 output
org.apache.spark.sql.catalyst.parser.ParseException

The value of from-to unit must be a string(line 1, pos 16)

== SQL ==
select interval 1 year to month
----------------^^^


-- !query 79
select interval '1' year to second
-- !query 79 schema
struct<>
-- !query 79 output
org.apache.spark.sql.catalyst.parser.ParseException

Intervals FROM year TO second are not supported.(line 1, pos 16)

== SQL ==
select interval '1' year to second
----------------^^^


-- !query 80
select interval '10-9' year to month '2-1' year to month
-- !query 80 schema
struct<>
-- !query 80 output
org.apache.spark.sql.catalyst.parser.ParseException

Can only have a single from-to unit in the interval literal syntax(line 1, pos 37)

== SQL ==
select interval '10-9' year to month '2-1' year to month
-------------------------------------^^^


-- !query 81
select interval '10-9' year to month '12:11:10' hour to second
-- !query 81 schema
struct<>
-- !query 81 output
org.apache.spark.sql.catalyst.parser.ParseException

Can only have a single from-to unit in the interval literal syntax(line 1, pos 37)

== SQL ==
select interval '10-9' year to month '12:11:10' hour to second
-------------------------------------^^^


-- !query 82
select interval '1 15:11' day to minute '12:11:10' hour to second
-- !query 82 schema
struct<>
-- !query 82 output
org.apache.spark.sql.catalyst.parser.ParseException

Can only have a single from-to unit in the interval literal syntax(line 1, pos 40)

== SQL ==
select interval '1 15:11' day to minute '12:11:10' hour to second
----------------------------------------^^^


-- !query 83
select interval 1 year '2-1' year to month
-- !query 83 schema
struct<>
-- !query 83 output
org.apache.spark.sql.catalyst.parser.ParseException

Can only have a single from-to unit in the interval literal syntax(line 1, pos 23)

== SQL ==
select interval 1 year '2-1' year to month
-----------------------^^^


-- !query 84
select interval 1 year '12:11:10' hour to second
-- !query 84 schema
struct<>
-- !query 84 output
org.apache.spark.sql.catalyst.parser.ParseException

Can only have a single from-to unit in the interval literal syntax(line 1, pos 23)

== SQL ==
select interval 1 year '12:11:10' hour to second
-----------------------^^^


-- !query 85
select interval '10-9' year to month '1' year
-- !query 85 schema
struct<>
-- !query 85 output
org.apache.spark.sql.catalyst.parser.ParseException

Can only have a single from-to unit in the interval literal syntax(line 1, pos 37)

== SQL ==
select interval '10-9' year to month '1' year
-------------------------------------^^^


-- !query 86
select interval '12:11:10' hour to second '1' year
-- !query 86 schema
struct<>
-- !query 86 output
org.apache.spark.sql.catalyst.parser.ParseException

Can only have a single from-to unit in the interval literal syntax(line 1, pos 42)

== SQL ==
select interval '12:11:10' hour to second '1' year
------------------------------------------^^^


-- !query 87
select +interval '1 second'
-- !query 87 schema
struct<1 seconds:interval>
-- !query 87 output
1 seconds
