-- Automatically generated by SQLQueryTestSuite
-- Number of queries: 18


-- !query
set spark.sql.legacy.integralDivide.returnBigint=true
-- !query schema
struct<key:string,value:string>
-- !query output
spark.sql.legacy.integralDivide.returnBigint	true


-- !query
select 5 div 2
-- !query schema
struct<(5 div 2):bigint>
-- !query output
2


-- !query
select 5 div 0
-- !query schema
struct<(5 div 0):bigint>
-- !query output
NULL


-- !query
select 5 div null
-- !query schema
struct<(5 div CAST(NULL AS INT)):bigint>
-- !query output
NULL


-- !query
select null div 5
-- !query schema
struct<(CAST(NULL AS INT) div 5):bigint>
-- !query output
NULL


-- !query
select cast(51 as decimal(10, 0)) div cast(2 as decimal(2, 0))
-- !query schema
struct<(CAST(CAST(51 AS DECIMAL(10,0)) AS DECIMAL(10,0)) div CAST(CAST(2 AS DECIMAL(2,0)) AS DECIMAL(10,0))):bigint>
-- !query output
25


-- !query
select cast(5 as decimal(1, 0)) div cast(0 as decimal(2, 0))
-- !query schema
struct<(CAST(CAST(5 AS DECIMAL(1,0)) AS DECIMAL(2,0)) div CAST(CAST(0 AS DECIMAL(2,0)) AS DECIMAL(2,0))):bigint>
-- !query output
NULL


-- !query
select cast(5 as decimal(1, 0)) div cast(null as decimal(2, 0))
-- !query schema
struct<(CAST(CAST(5 AS DECIMAL(1,0)) AS DECIMAL(2,0)) div CAST(CAST(NULL AS DECIMAL(2,0)) AS DECIMAL(2,0))):bigint>
-- !query output
NULL


-- !query
select cast(null as decimal(1, 0)) div cast(5 as decimal(2, 0))
-- !query schema
struct<(CAST(CAST(NULL AS DECIMAL(1,0)) AS DECIMAL(2,0)) div CAST(CAST(5 AS DECIMAL(2,0)) AS DECIMAL(2,0))):bigint>
-- !query output
NULL


-- !query
set spark.sql.legacy.integralDivide.returnBigint=false
-- !query schema
struct<key:string,value:string>
-- !query output
spark.sql.legacy.integralDivide.returnBigint	false


-- !query
select 5 div 2
-- !query schema
struct<(5 div 2):int>
-- !query output
2


-- !query
select 5 div 0
-- !query schema
struct<(5 div 0):int>
-- !query output
NULL


-- !query
select 5 div null
-- !query schema
struct<(5 div CAST(NULL AS INT)):int>
-- !query output
NULL


-- !query
select null div 5
-- !query schema
struct<(CAST(NULL AS INT) div 5):int>
-- !query output
NULL


-- !query
select cast(51 as decimal(10, 0)) div cast(2 as decimal(2, 0))
-- !query schema
struct<(CAST(CAST(51 AS DECIMAL(10,0)) AS DECIMAL(10,0)) div CAST(CAST(2 AS DECIMAL(2,0)) AS DECIMAL(10,0))):decimal(10,0)>
-- !query output
25


-- !query
select cast(5 as decimal(1, 0)) div cast(0 as decimal(2, 0))
-- !query schema
struct<(CAST(CAST(5 AS DECIMAL(1,0)) AS DECIMAL(2,0)) div CAST(CAST(0 AS DECIMAL(2,0)) AS DECIMAL(2,0))):decimal(1,0)>
-- !query output
NULL


-- !query
select cast(5 as decimal(1, 0)) div cast(null as decimal(2, 0))
-- !query schema
struct<(CAST(CAST(5 AS DECIMAL(1,0)) AS DECIMAL(2,0)) div CAST(CAST(NULL AS DECIMAL(2,0)) AS DECIMAL(2,0))):decimal(1,0)>
-- !query output
NULL


-- !query
select cast(null as decimal(1, 0)) div cast(5 as decimal(2, 0))
-- !query schema
struct<(CAST(CAST(NULL AS DECIMAL(1,0)) AS DECIMAL(2,0)) div CAST(CAST(5 AS DECIMAL(2,0)) AS DECIMAL(2,0))):decimal(1,0)>
-- !query output
NULL
