-- Automatically generated by SQLQueryTestSuite
-- Number of queries: 21


-- !query 0
create temporary view int4_tbl as select * from values
  (0),
  (123456),
  (-123456),
  (2147483647),
  (-2147483647)
  as int4_tbl(f1)
-- !query 0 schema
struct<>
-- !query 0 output



-- !query 1
SELECT
  (NULL AND NULL) IS NULL AS `t`,
  (TRUE AND NULL) IS NULL AS `t`,
  (FALSE AND NULL) IS NULL AS `t`,
  (NULL AND TRUE) IS NULL AS `t`,
  (NULL AND FALSE) IS NULL AS `t`,
  (TRUE AND TRUE) AS `t`,
  NOT (TRUE AND FALSE) AS `t`,
  NOT (FALSE AND TRUE) AS `t`,
  NOT (FALSE AND FALSE) AS `t`
-- !query 1 schema
struct<t:boolean,t:boolean,t:boolean,t:boolean,t:boolean,t:boolean,t:boolean,t:boolean,t:boolean>
-- !query 1 output
true	true	false	true	false	true	true	true	true


-- !query 2
SELECT
  (NULL OR NULL) IS NULL AS `t`,
  (TRUE OR NULL) IS NULL AS `t`,
  (FALSE OR NULL) IS NULL AS `t`,
  (NULL OR TRUE) IS NULL AS `t`,
  (NULL OR FALSE) IS NULL AS `t`,
  (TRUE OR TRUE) AS `t`,
  (TRUE OR FALSE) AS `t`,
  (FALSE OR TRUE) AS `t`,
  NOT (FALSE OR FALSE) AS `t`
-- !query 2 schema
struct<t:boolean,t:boolean,t:boolean,t:boolean,t:boolean,t:boolean,t:boolean,t:boolean,t:boolean>
-- !query 2 output
true	false	true	false	true	true	true	true	true


-- !query 3
CREATE OR REPLACE TEMPORARY VIEW bool_test AS SELECT * FROM VALUES
  (TRUE, null, FALSE, null),
  (FALSE, TRUE, null, null),
  (null, TRUE, FALSE, null) AS bool_test(b1, b2, b3, b4)
-- !query 3 schema
struct<>
-- !query 3 output



-- !query 4
SELECT BOOL_AND(b1) AS n1, BOOL_OR(b3) AS n2 FROM bool_test WHERE 1 = 0
-- !query 4 schema
struct<n1:boolean,n2:boolean>
-- !query 4 output
NULL	NULL


-- !query 5
SELECT
  BOOL_AND(b1)     AS f1,
  BOOL_AND(b2)     AS t2,
  BOOL_AND(b3)     AS f3,
  BOOL_AND(b4)     AS n4,
  BOOL_AND(NOT b2) AS f5,
  BOOL_AND(NOT b3) AS t6
FROM bool_test
-- !query 5 schema
struct<f1:boolean,t2:boolean,f3:boolean,n4:boolean,f5:boolean,t6:boolean>
-- !query 5 output
false	true	false	NULL	false	true


-- !query 6
SELECT
  EVERY(b1)     AS f1,
  EVERY(b2)     AS t2,
  EVERY(b3)     AS f3,
  EVERY(b4)     AS n4,
  EVERY(NOT b2) AS f5,
  EVERY(NOT b3) AS t6
FROM bool_test
-- !query 6 schema
struct<f1:boolean,t2:boolean,f3:boolean,n4:boolean,f5:boolean,t6:boolean>
-- !query 6 output
false	true	false	NULL	false	true


-- !query 7
SELECT
  BOOL_OR(b1)      AS t1,
  BOOL_OR(b2)      AS t2,
  BOOL_OR(b3)      AS f3,
  BOOL_OR(b4)      AS n4,
  BOOL_OR(NOT b2)  AS f5,
  BOOL_OR(NOT b3)  AS t6
FROM bool_test
-- !query 7 schema
struct<t1:boolean,t2:boolean,f3:boolean,n4:boolean,f5:boolean,t6:boolean>
-- !query 7 output
true	true	false	NULL	false	true


-- !query 8
select min(udf(unique1)) from tenk1
-- !query 8 schema
struct<min(CAST(udf(cast(unique1 as string)) AS INT)):int>
-- !query 8 output
0


-- !query 9
select udf(max(unique1)) from tenk1
-- !query 9 schema
struct<CAST(udf(cast(max(unique1) as string)) AS INT):int>
-- !query 9 output
9999


-- !query 10
select max(unique1) from tenk1 where udf(unique1) < 42
-- !query 10 schema
struct<max(unique1):int>
-- !query 10 output
41


-- !query 11
select max(unique1) from tenk1 where unique1 > udf(42)
-- !query 11 schema
struct<max(unique1):int>
-- !query 11 output
9999


-- !query 12
select max(unique1) from tenk1 where udf(unique1) > 42000
-- !query 12 schema
struct<max(unique1):int>
-- !query 12 output
NULL


-- !query 13
select max(tenthous) from tenk1 where udf(thousand) = 33
-- !query 13 schema
struct<max(tenthous):int>
-- !query 13 output
9033


-- !query 14
select min(tenthous) from tenk1 where udf(thousand) = 33
-- !query 14 schema
struct<min(tenthous):int>
-- !query 14 output
33


-- !query 15
select distinct max(udf(unique2)) from tenk1
-- !query 15 schema
struct<max(CAST(udf(cast(unique2 as string)) AS INT)):int>
-- !query 15 output
9999


-- !query 16
select max(unique2) from tenk1 order by udf(1)
-- !query 16 schema
struct<max(unique2):int>
-- !query 16 output
9999


-- !query 17
select max(unique2) from tenk1 order by max(udf(unique2))
-- !query 17 schema
struct<max(unique2):int>
-- !query 17 output
9999


-- !query 18
select udf(max(udf(unique2))) from tenk1 order by udf(max(unique2))+1
-- !query 18 schema
struct<CAST(udf(cast(max(cast(udf(cast(unique2 as string)) as int)) as string)) AS INT):int>
-- !query 18 output
9999


-- !query 19
select t1.max_unique2, udf(g) from (select max(udf(unique2)) as max_unique2 FROM tenk1) t1 LATERAL VIEW explode(array(1,2,3)) t2 AS g order by g desc
-- !query 19 schema
struct<max_unique2:int,CAST(udf(cast(g as string)) AS INT):int>
-- !query 19 output
9999	3
9999	2
9999	1


-- !query 20
select udf(max(100)) from tenk1
-- !query 20 schema
struct<CAST(udf(cast(max(100) as string)) AS INT):int>
-- !query 20 output
100
