-- Automatically generated by SQLQueryTestSuite
-- Number of queries: 18


-- !query 0
CREATE TABLE TIMESTAMP_TBL (d1 timestamp) USING parquet
-- !query 0 schema
struct<>
-- !query 0 output



-- !query 1
INSERT INTO TIMESTAMP_TBL VALUES ('1997-01-02')
-- !query 1 schema
struct<>
-- !query 1 output



-- !query 2
INSERT INTO TIMESTAMP_TBL VALUES ('1997-01-02 03:04:05')
-- !query 2 schema
struct<>
-- !query 2 output



-- !query 3
INSERT INTO TIMESTAMP_TBL VALUES ('1997-02-10 17:32:01-08')
-- !query 3 schema
struct<>
-- !query 3 output



-- !query 4
INSERT INTO TIMESTAMP_TBL VALUES ('2001-09-22T18:19:20')
-- !query 4 schema
struct<>
-- !query 4 output



-- !query 5
SELECT '' AS `64`, d1 FROM TIMESTAMP_TBL
-- !query 5 schema
struct<64:string,d1:timestamp>
-- !query 5 output
	1997-01-02 00:00:00
	1997-01-02 03:04:05
	1997-02-10 17:32:01
	2001-09-22 18:19:20


-- !query 6
SELECT '' AS `48`, d1 FROM TIMESTAMP_TBL
   WHERE d1 > timestamp '1997-01-02'
-- !query 6 schema
struct<48:string,d1:timestamp>
-- !query 6 output
	1997-01-02 03:04:05
	1997-02-10 17:32:01
	2001-09-22 18:19:20


-- !query 7
SELECT '' AS `15`, d1 FROM TIMESTAMP_TBL
   WHERE d1 < timestamp '1997-01-02'
-- !query 7 schema
struct<15:string,d1:timestamp>
-- !query 7 output



-- !query 8
SELECT '' AS one, d1 FROM TIMESTAMP_TBL
   WHERE d1 = timestamp '1997-01-02'
-- !query 8 schema
struct<one:string,d1:timestamp>
-- !query 8 output
	1997-01-02 00:00:00


-- !query 9
SELECT '' AS `63`, d1 FROM TIMESTAMP_TBL
   WHERE d1 != timestamp '1997-01-02'
-- !query 9 schema
struct<63:string,d1:timestamp>
-- !query 9 output
	1997-01-02 03:04:05
	1997-02-10 17:32:01
	2001-09-22 18:19:20


-- !query 10
SELECT '' AS `16`, d1 FROM TIMESTAMP_TBL
   WHERE d1 <= timestamp '1997-01-02'
-- !query 10 schema
struct<16:string,d1:timestamp>
-- !query 10 output
	1997-01-02 00:00:00


-- !query 11
SELECT '' AS `49`, d1 FROM TIMESTAMP_TBL
   WHERE d1 >= timestamp '1997-01-02'
-- !query 11 schema
struct<49:string,d1:timestamp>
-- !query 11 output
	1997-01-02 00:00:00
	1997-01-02 03:04:05
	1997-02-10 17:32:01
	2001-09-22 18:19:20


-- !query 12
SELECT '' AS date_trunc_week, date_trunc( 'week', timestamp '2004-02-29 15:44:17.71393' ) AS week_trunc
-- !query 12 schema
struct<date_trunc_week:string,week_trunc:timestamp>
-- !query 12 output
	2004-02-23 00:00:00


-- !query 13
SELECT '' AS `54`, d1 as `timestamp`,
    date_part( 'year', d1) AS `year`, date_part( 'month', d1) AS `month`,
    date_part( 'day', d1) AS `day`, date_part( 'hour', d1) AS `hour`,
    date_part( 'minute', d1) AS `minute`, date_part( 'second', d1) AS `second`
    FROM TIMESTAMP_TBL WHERE d1 BETWEEN '1902-01-01' AND '2038-01-01'
-- !query 13 schema
struct<54:string,timestamp:timestamp,year:int,month:int,day:int,hour:int,minute:int,second:int>
-- !query 13 output
	1997-01-02 00:00:00	1997	1	2	0	0	0
	1997-01-02 03:04:05	1997	1	2	3	4	5
	1997-02-10 17:32:01	1997	2	10	17	32	1
	2001-09-22 18:19:20	2001	9	22	18	19	20


-- !query 14
SELECT '' AS `54`, d1 as `timestamp`,
    date_part( 'quarter', d1) AS quarter, date_part( 'msec', d1) AS msec,
    date_part( 'usec', d1) AS usec
    FROM TIMESTAMP_TBL WHERE d1 BETWEEN '1902-01-01' AND '2038-01-01'
-- !query 14 schema
struct<54:string,timestamp:timestamp,quarter:int,msec:decimal(8,3),usec:int>
-- !query 14 output
	1997-01-02 00:00:00	1	0	0
	1997-01-02 03:04:05	1	5000	5000000
	1997-02-10 17:32:01	1	1000	1000000
	2001-09-22 18:19:20	3	20000	20000000


-- !query 15
SELECT '' AS `54`, d1 as `timestamp`,
    date_part( 'isoyear', d1) AS isoyear, date_part( 'week', d1) AS week,
    date_part( 'dow', d1) AS dow
    FROM TIMESTAMP_TBL WHERE d1 BETWEEN '1902-01-01' AND '2038-01-01'
-- !query 15 schema
struct<54:string,timestamp:timestamp,isoyear:int,week:int,dow:int>
-- !query 15 output
	1997-01-02 00:00:00	1997	1	4
	1997-01-02 03:04:05	1997	1	4
	1997-02-10 17:32:01	1997	7	1
	2001-09-22 18:19:20	2001	38	6


-- !query 16
SELECT make_timestamp(2014,12,28,6,30,45.887)
-- !query 16 schema
struct<make_timestamp(2014, 12, 28, 6, 30, CAST(45.887 AS DECIMAL(8,6))):timestamp>
-- !query 16 output
2014-12-28 06:30:45.887


-- !query 17
DROP TABLE TIMESTAMP_TBL
-- !query 17 schema
struct<>
-- !query 17 output

